******************************************************************************
                  TI ARM Linker PC v20.2.7                     
******************************************************************************
>> Linked Sat Nov  5 15:00:21 2022

OUTPUT FILE NAME:   <adc0_singleended_multichannel_pwm0gen1trigger_MSP_EXP432E401Y_nortos_ccs.out>
ENTRY POINT SYMBOL: "_c_int00_noargs"  address: 00001845


MEMORY CONFIGURATION

         name            origin    length      used     unused   attr    fill
----------------------  --------  ---------  --------  --------  ----  --------
  FLASH                 00000000   00100000  00001b92  000fe46e  R  X
  SRAM                  20000000   00040000  000002a4  0003fd5c  RW X


SEGMENT ALLOCATION MAP

run origin  load origin   length   init length attrs members
----------  ----------- ---------- ----------- ----- -------
00000000    00000000    00001b98   00001b98    r-x
  00000000    00000000    00000208   00000208    r-- .intvecs
  00000208    00000208    00001712   00001712    r-x .text
  0000191c    0000191c    00000240   00000240    r-- .const
  00001b60    00001b60    00000038   00000038    r-- .cinit
20000000    20000000    000002a4   00000000    rw-
  20000000    20000000    00000200   00000000    rw- .stack
  20000200    20000200    0000008c   00000000    rw- .bss
  2000028c    2000028c    00000018   00000000    rw- .data


SECTION ALLOCATION MAP

 output                                  attributes/
section   page    origin      length       input sections
--------  ----  ----------  ----------   ----------------
.intvecs   0    00000000    00000208     
                  00000000    00000208     startup_msp432e401y_ccs.obj (.intvecs:retain)

.text      0    00000208    00001712     
                  00000208    0000030c     uartstdio.obj (.text:UARTvprintf)
                  00000514    000002e0     msp432e4_driverlib.a : sysctl.o (.text:SysCtlClockFreqSet)
                  000007f4    0000023c     adc0_singleended_multichannel_pwm0gen1trigger.obj (.text:main)
                  00000a30    0000016c     PID_controller.obj (.text:PID_Control)
                  00000b9c    0000013c     Control_Loop.obj (.text:Control_Loop)
                  00000cd8    00000136     rtsv7M4_T_le_v4SPD16_eabi.lib : fd_div_t2.asm.obj (.text)
                  00000e0e    00000002     startup_msp432e401y_ccs.obj (.text:Default_Handler)
                  00000e10    00000118     adc0_singleended_multichannel_pwm0gen1trigger.obj (.text:ADC0SS2_IRQHandler)
                  00000f28    000000fc     rtsv7M4_T_le_v4SPD16_eabi.lib : fd_mul_t2.asm.obj (.text)
                  00001024    000000ee     msp432e4_driverlib.a : adc.o (.text:ADCSequenceStepConfigure)
                  00001112    0000009c     rtsv7M4_T_le_v4SPD16_eabi.lib : memcpy_t2.asm.obj (.text)
                  000011ae    00000002                                   : div0.asm.obj (.text)
                  000011b0    00000090     msp432e4_driverlib.a : sysctl.o (.text:_SysCtlFrequencyGet)
                  00001240    0000008c     Application_Init.obj (.text:Application_Init)
                  000012cc    00000088     Filter.obj (.text:ASW_IIR_second_order)
                  00001354    00000086     rtsv7M4_T_le_v4SPD16_eabi.lib : fd_cmp_t2.asm.obj (.text:__aeabi_cdcmple)
                  000013da    00000086                                   : fd_cmp_t2.asm.obj (.text:__aeabi_cdrcmple)
                  00001460    0000007c     PID_controller.obj (.text:Initialise_PID)
                  000014dc    00000074     uartstdio.obj (.text:UARTStdioConfig)
                  00001550    0000006e     rtsv7M4_T_le_v4SPD16_eabi.lib : fd_tos_t2.asm.obj (.text)
                  000015be    00000002     --HOLE-- [fill = 0]
                  000015c0    00000068     adc0_singleended_multichannel_pwm0gen1trigger.obj (.text:ConfigureUART)
                  00001628    00000068     rtsv7M4_T_le_v4SPD16_eabi.lib : copy_decompress_lzss.c.obj (.text:decompress:lzss:__TI_decompress_lzss)
                  00001690    0000005c     uartstdio.obj (.text:UARTwrite)
                  000016ec    00000058     Filter.obj (.text:ASW_IIR_second_order_init)
                  00001744    00000044     msp432e4_driverlib.a : sysctl.o (.text:_SysCtlMemTimingGet)
                  00001788    00000044     rtsv7M4_T_le_v4SPD16_eabi.lib : autoinit.c.obj (.text:__TI_auto_init_nobinit_nopinit:__TI_auto_init_nobinit_nopinit)
                  000017cc    00000040                                   : u_divt2.asm.obj (.text)
                  0000180c    00000038                                   : fs_tod_t2.asm.obj (.text)
                  00001844    00000034                                   : boot_cortex_m.c.obj (.text:_c_int00_noargs:_c_int00_noargs)
                  00001878    00000024     uartstdio.obj (.text:UARTprintf)
                  0000189c    00000020     system_msp432e401y.obj (.text:SystemInit)
                  000018bc    00000020     rtsv7M4_T_le_v4SPD16_eabi.lib : u_tofd_t2.asm.obj (.text)
                  000018dc    0000001c                                   : copy_zero_init.c.obj (.text:decompress:ZI:__TI_zero_init_nomemset:__TI_zero_init_nomemset)
                  000018f8    0000000e                                   : copy_decompress_none.c.obj (.text:decompress:none:__TI_decompress_none)
                  00001906    0000000c     startup_msp432e401y_ccs.obj (.text:Reset_Handler)
                  00001912    00000004     rtsv7M4_T_le_v4SPD16_eabi.lib : pre_init.c.obj (.text:_system_pre_init)
                  00001916    00000004                                   : exit.c.obj (.text:abort:abort)

.const     0    0000191c    00000240     
                  0000191c    000001b0     msp432e4_driverlib.a : sysctl.o (.const:g_pppui32XTALtoVCO)
                  00001acc    00000030                          : sysctl.o (.const:g_sXTALtoMEMTIM)
                  00001afc    00000028                          : sysctl.o (.const:g_pui32Xtals)
                  00001b24    00000012     uartstdio.obj (.const:.string)
                  00001b36    00000002     --HOLE-- [fill = 0]
                  00001b38    0000000c     uartstdio.obj (.const:g_ui32UARTBase)
                  00001b44    0000000c     uartstdio.obj (.const:g_ui32UARTPeriph)
                  00001b50    00000008     msp432e4_driverlib.a : sysctl.o (.const:g_pui32VCOFrequencies)
                  00001b58    00000004     uartstdio.obj (.const)

.cinit     0    00001b60    00000038     
                  00001b60    00000014     (.cinit..data.load) [load image, compression = lzss]
                  00001b74    0000000c     (__TI_handler_table)
                  00001b80    00000008     (.cinit..bss.load) [load image, compression = zero_init]
                  00001b88    00000010     (__TI_cinit_table)

.init_array 
*          0    00000000    00000000     UNINITIALIZED

.bss       0    20000200    0000008c     UNINITIALIZED
                  20000200    00000034     (.common:PID_Position_Control)
                  20000234    00000024     (.common:Filter_BP)
                  20000258    00000024     (.common:Filter_Notch)
                  2000027c    00000010     (.common:getADCValue)

.data      0    2000028c    00000018     UNINITIALIZED
                  2000028c    0000000c     adc0_singleended_multichannel_pwm0gen1trigger.obj (.data)
                  20000298    00000005     uartstdio.obj (.data)
                  2000029d    00000003     --HOLE--
                  200002a0    00000004     system_msp432e401y.obj (.data)

.stack     0    20000000    00000200     UNINITIALIZED
                  20000000    00000004     rtsv7M4_T_le_v4SPD16_eabi.lib : boot_cortex_m.c.obj (.stack)
                  20000004    000001fc     --HOLE--

__llvm_prf_cnts 
*          0    20000000    00000000     UNINITIALIZED

MODULE SUMMARY

       Module                                              code   ro data   rw data
       ------                                              ----   -------   -------
    .\
       uartstdio.obj                                       1024   46        5      
       adc0_singleended_multichannel_pwm0gen1trigger.obj   956    0         28     
       system_msp432e401y.obj                              32     0         4      
    +--+---------------------------------------------------+------+---------+---------+
       Total:                                              2012   46        37     
                                                                                   
    .\Control\
       PID_controller.obj                                  488    0         52     
       Control_Loop.obj                                    316    0         0      
       Filter.obj                                          224    0         72     
       Application_Init.obj                                140    0         0      
    +--+---------------------------------------------------+------+---------+---------+
       Total:                                              1168   0         124    
                                                                                   
    .\ccs\
       startup_msp432e401y_ccs.obj                         14     520       0      
    +--+---------------------------------------------------+------+---------+---------+
       Total:                                              14     520       0      
                                                                                   
    E:/karthik/Software_TI/CCS/simplelink_msp432e4_sdk_4_20_00_12/source/ti/devices/msp432e4/driverlib/lib/ccs/m4f/msp432e4_driverlib.a
       sysctl.o                                            948    528       0      
       adc.o                                               238    0         0      
    +--+---------------------------------------------------+------+---------+---------+
       Total:                                              1186   528       0      
                                                                                   
    E:\karthik\Software_TI\CCS\ccs\tools\compiler\ti-cgt-arm_20.2.7.LTS\lib\rtsv7M4_T_le_v4SPD16_eabi.lib
       fd_div_t2.asm.obj                                   310    0         0      
       fd_cmp_t2.asm.obj                                   268    0         0      
       fd_mul_t2.asm.obj                                   252    0         0      
       memcpy_t2.asm.obj                                   156    0         0      
       fd_tos_t2.asm.obj                                   110    0         0      
       copy_decompress_lzss.c.obj                          104    0         0      
       autoinit.c.obj                                      68     0         0      
       u_divt2.asm.obj                                     64     0         0      
       fs_tod_t2.asm.obj                                   56     0         0      
       boot_cortex_m.c.obj                                 52     0         0      
       u_tofd_t2.asm.obj                                   32     0         0      
       copy_zero_init.c.obj                                28     0         0      
       copy_decompress_none.c.obj                          14     0         0      
       exit.c.obj                                          4      0         0      
       pre_init.c.obj                                      4      0         0      
       div0.asm.obj                                        2      0         0      
    +--+---------------------------------------------------+------+---------+---------+
       Total:                                              1524   0         0      
                                                                                   
       Stack:                                              0      0         512    
       Linker Generated:                                   0      56        0      
    +--+---------------------------------------------------+------+---------+---------+
       Grand Total:                                        5904   1150      673    


LINKER GENERATED COPY TABLES

__TI_cinit_table @ 00001b88 records: 2, size/record: 8, table size: 16
	.data: load addr=00001b60, load size=00000014 bytes, run addr=2000028c, run size=00000018 bytes, compression=lzss
	.bss: load addr=00001b80, load size=00000008 bytes, run addr=20000200, run size=0000008c bytes, compression=zero_init


LINKER GENERATED HANDLER TABLE

__TI_handler_table @ 00001b74 records: 3, size/record: 4, table size: 12
	index: 0, handler: __TI_decompress_lzss
	index: 1, handler: __TI_decompress_none
	index: 2, handler: __TI_zero_init


GLOBAL SYMBOLS: SORTED ALPHABETICALLY BY Name 

address   name                          
-------   ----                          
00000e0f  ADC0SS0_IRQHandler            
00000e0f  ADC0SS1_IRQHandler            
00000e11  ADC0SS2_IRQHandler            
00000e11  ADC0SS2_IRQHandler            
00000e0f  ADC0SS3_IRQHandler            
00000e0f  ADC1SS0_IRQHandler            
00000e0f  ADC1SS1_IRQHandler            
00000e0f  ADC1SS2_IRQHandler            
00000e0f  ADC1SS3_IRQHandler            
00001025  ADCSequenceStepConfigure      
00000e0f  AES0_IRQHandler               
000012cd  ASW_IIR_second_order          
000016ed  ASW_IIR_second_order_init     
00001241  Application_Init              
00000e0f  BusFault_Handler              
00001917  C$$EXIT                       
00000e0f  CAN0_IRQHandler               
00000e0f  CAN1_IRQHandler               
00000e0f  COMP0_IRQHandler              
00000e0f  COMP1_IRQHandler              
00000e0f  COMP2_IRQHandler              
000015c1  ConfigureUART                 
00000b9d  Control_Loop                  
00000e0f  DES0_IRQHandler               
00000e0f  DebugMon_Handler              
00000e0f  Default_Handler               
00000e0f  EMAC0_IRQHandler              
00000e0f  EPI0_IRQHandler               
00000e0f  FLASH_IRQHandler              
20000234  Filter_BP                     
20000258  Filter_Notch                  
00000e0f  GPIOA_IRQHandler              
00000e0f  GPIOB_IRQHandler              
00000e0f  GPIOC_IRQHandler              
00000e0f  GPIOD_IRQHandler              
00000e0f  GPIOE_IRQHandler              
00000e0f  GPIOF_IRQHandler              
00000e0f  GPIOG_IRQHandler              
00000e0f  GPIOH_IRQHandler              
00000e0f  GPIOJ_IRQHandler              
00000e0f  GPIOK_IRQHandler              
00000e0f  GPIOL_IRQHandler              
00000e0f  GPIOM_IRQHandler              
00000e0f  GPION_IRQHandler              
00000e0f  GPIOP0_IRQHandler             
00000e0f  GPIOP1_IRQHandler             
00000e0f  GPIOP2_IRQHandler             
00000e0f  GPIOP3_IRQHandler             
00000e0f  GPIOP4_IRQHandler             
00000e0f  GPIOP5_IRQHandler             
00000e0f  GPIOP6_IRQHandler             
00000e0f  GPIOP7_IRQHandler             
00000e0f  GPIOQ0_IRQHandler             
00000e0f  GPIOQ1_IRQHandler             
00000e0f  GPIOQ2_IRQHandler             
00000e0f  GPIOQ3_IRQHandler             
00000e0f  GPIOQ4_IRQHandler             
00000e0f  GPIOQ5_IRQHandler             
00000e0f  GPIOQ6_IRQHandler             
00000e0f  GPIOQ7_IRQHandler             
00000e0f  HIBERNATE_IRQHandler          
00000e0f  HardFault_Handler             
00000e0f  I2C0_IRQHandler               
00000e0f  I2C1_IRQHandler               
00000e0f  I2C2_IRQHandler               
00000e0f  I2C3_IRQHandler               
00000e0f  I2C4_IRQHandler               
00000e0f  I2C5_IRQHandler               
00000e0f  I2C6_IRQHandler               
00000e0f  I2C7_IRQHandler               
00000e0f  I2C8_IRQHandler               
00000e0f  I2C9_IRQHandler               
00001461  Initialise_PID                
00000e0f  MemManage_Handler             
00000e0f  NMI_Handler                   
00000a31  PID_Control                   
20000200  PID_Position_Control          
00000e0f  PWM0_0_IRQHandler             
00000e0f  PWM0_1_IRQHandler             
00000e0f  PWM0_2_IRQHandler             
00000e0f  PWM0_3_IRQHandler             
00000e0f  PWM0_FAULT_IRQHandler         
00000e0f  PendSV_Handler                
00000e0f  QEI0_IRQHandler               
00001907  Reset_Handler                 
00000e0f  SHA0_IRQHandler               
00000e0f  SSI0_IRQHandler               
00000e0f  SSI1_IRQHandler               
00000e0f  SSI2_IRQHandler               
00000e0f  SSI3_IRQHandler               
00000e0f  SVC_Handler                   
00000e0f  SYSCTL_IRQHandler             
00000e0f  SYSEXC_IRQHandler             
00000515  SysCtlClockFreqSet            
00000e0f  SysTick_Handler               
200002a0  SystemCoreClock               
0000189d  SystemInit                    
00000e0f  TAMPER0_IRQHandler            
00000e0f  TIMER0A_IRQHandler            
00000e0f  TIMER0B_IRQHandler            
00000e0f  TIMER1A_IRQHandler            
00000e0f  TIMER1B_IRQHandler            
00000e0f  TIMER2A_IRQHandler            
00000e0f  TIMER2B_IRQHandler            
00000e0f  TIMER3A_IRQHandler            
00000e0f  TIMER3B_IRQHandler            
00000e0f  TIMER4A_IRQHandler            
00000e0f  TIMER4B_IRQHandler            
00000e0f  TIMER5A_IRQHandler            
00000e0f  TIMER5B_IRQHandler            
00000e0f  TIMER6A_IRQHandler            
00000e0f  TIMER6B_IRQHandler            
00000e0f  TIMER7A_IRQHandler            
00000e0f  TIMER7B_IRQHandler            
00000e0f  UART0_IRQHandler              
00000e0f  UART1_IRQHandler              
00000e0f  UART2_IRQHandler              
00000e0f  UART3_IRQHandler              
00000e0f  UART4_IRQHandler              
00000e0f  UART5_IRQHandler              
00000e0f  UART6_IRQHandler              
00000e0f  UART7_IRQHandler              
000014dd  UARTStdioConfig               
00001879  UARTprintf                    
00000209  UARTvprintf                   
00001691  UARTwrite                     
00000e0f  UDMAERR_IRQHandler            
00000e0f  UDMA_IRQHandler               
00000e0f  USB0_IRQHandler               
00000e0f  UsageFault_Handler            
00000e0f  WATCHDOG_IRQHandler           
20000200  __STACK_END                   
00000200  __STACK_SIZE                  
20000200  __STACK_TOP                   
00001b88  __TI_CINIT_Base               
00001b98  __TI_CINIT_Limit              
00001b74  __TI_Handler_Table_Base       
00001b80  __TI_Handler_Table_Limit      
00001789  __TI_auto_init_nobinit_nopinit
00001629  __TI_decompress_lzss          
000018f9  __TI_decompress_none          
ffffffff  __TI_pprof_out_hndl           
ffffffff  __TI_prof_data_size           
ffffffff  __TI_prof_data_start          
00000000  __TI_static_base__            
000018dd  __TI_zero_init_nomemset       
00001355  __aeabi_cdcmpeq               
00001355  __aeabi_cdcmple               
000013db  __aeabi_cdrcmple              
00001551  __aeabi_d2f                   
00000cd9  __aeabi_ddiv                  
00000f29  __aeabi_dmul                  
0000180d  __aeabi_f2d                   
000011af  __aeabi_idiv0                 
000011af  __aeabi_ldiv0                 
00001113  __aeabi_memcpy                
00001113  __aeabi_memcpy4               
00001113  __aeabi_memcpy8               
000018bd  __aeabi_ui2d                  
000017cd  __aeabi_uidiv                 
000017cd  __aeabi_uidivmod              
ffffffff  __binit__                     
ffffffff  __c_args__                    
UNDEFED   __mpu_init                    
20000000  __stack                       
20000000  __start___llvm_prf_cnts       
20000000  __stop___llvm_prf_cnts        
00001845  _c_int00_noargs               
UNDEFED   _system_post_cinit            
00001913  _system_pre_init              
00001917  abort                         
2000028c  bgetConvStatus                
ffffffff  binit                         
2000027c  getADCValue                   
00000000  interruptVectors              
000007f5  main                          
00001113  memcpy                        


GLOBAL SYMBOLS: SORTED BY Symbol Address 

address   name                          
-------   ----                          
00000000  __TI_static_base__            
00000000  interruptVectors              
00000200  __STACK_SIZE                  
00000209  UARTvprintf                   
00000515  SysCtlClockFreqSet            
000007f5  main                          
00000a31  PID_Control                   
00000b9d  Control_Loop                  
00000cd9  __aeabi_ddiv                  
00000e0f  ADC0SS0_IRQHandler            
00000e0f  ADC0SS1_IRQHandler            
00000e0f  ADC0SS3_IRQHandler            
00000e0f  ADC1SS0_IRQHandler            
00000e0f  ADC1SS1_IRQHandler            
00000e0f  ADC1SS2_IRQHandler            
00000e0f  ADC1SS3_IRQHandler            
00000e0f  AES0_IRQHandler               
00000e0f  BusFault_Handler              
00000e0f  CAN0_IRQHandler               
00000e0f  CAN1_IRQHandler               
00000e0f  COMP0_IRQHandler              
00000e0f  COMP1_IRQHandler              
00000e0f  COMP2_IRQHandler              
00000e0f  DES0_IRQHandler               
00000e0f  DebugMon_Handler              
00000e0f  Default_Handler               
00000e0f  EMAC0_IRQHandler              
00000e0f  EPI0_IRQHandler               
00000e0f  FLASH_IRQHandler              
00000e0f  GPIOA_IRQHandler              
00000e0f  GPIOB_IRQHandler              
00000e0f  GPIOC_IRQHandler              
00000e0f  GPIOD_IRQHandler              
00000e0f  GPIOE_IRQHandler              
00000e0f  GPIOF_IRQHandler              
00000e0f  GPIOG_IRQHandler              
00000e0f  GPIOH_IRQHandler              
00000e0f  GPIOJ_IRQHandler              
00000e0f  GPIOK_IRQHandler              
00000e0f  GPIOL_IRQHandler              
00000e0f  GPIOM_IRQHandler              
00000e0f  GPION_IRQHandler              
00000e0f  GPIOP0_IRQHandler             
00000e0f  GPIOP1_IRQHandler             
00000e0f  GPIOP2_IRQHandler             
00000e0f  GPIOP3_IRQHandler             
00000e0f  GPIOP4_IRQHandler             
00000e0f  GPIOP5_IRQHandler             
00000e0f  GPIOP6_IRQHandler             
00000e0f  GPIOP7_IRQHandler             
00000e0f  GPIOQ0_IRQHandler             
00000e0f  GPIOQ1_IRQHandler             
00000e0f  GPIOQ2_IRQHandler             
00000e0f  GPIOQ3_IRQHandler             
00000e0f  GPIOQ4_IRQHandler             
00000e0f  GPIOQ5_IRQHandler             
00000e0f  GPIOQ6_IRQHandler             
00000e0f  GPIOQ7_IRQHandler             
00000e0f  HIBERNATE_IRQHandler          
00000e0f  HardFault_Handler             
00000e0f  I2C0_IRQHandler               
00000e0f  I2C1_IRQHandler               
00000e0f  I2C2_IRQHandler               
00000e0f  I2C3_IRQHandler               
00000e0f  I2C4_IRQHandler               
00000e0f  I2C5_IRQHandler               
00000e0f  I2C6_IRQHandler               
00000e0f  I2C7_IRQHandler               
00000e0f  I2C8_IRQHandler               
00000e0f  I2C9_IRQHandler               
00000e0f  MemManage_Handler             
00000e0f  NMI_Handler                   
00000e0f  PWM0_0_IRQHandler             
00000e0f  PWM0_1_IRQHandler             
00000e0f  PWM0_2_IRQHandler             
00000e0f  PWM0_3_IRQHandler             
00000e0f  PWM0_FAULT_IRQHandler         
00000e0f  PendSV_Handler                
00000e0f  QEI0_IRQHandler               
00000e0f  SHA0_IRQHandler               
00000e0f  SSI0_IRQHandler               
00000e0f  SSI1_IRQHandler               
00000e0f  SSI2_IRQHandler               
00000e0f  SSI3_IRQHandler               
00000e0f  SVC_Handler                   
00000e0f  SYSCTL_IRQHandler             
00000e0f  SYSEXC_IRQHandler             
00000e0f  SysTick_Handler               
00000e0f  TAMPER0_IRQHandler            
00000e0f  TIMER0A_IRQHandler            
00000e0f  TIMER0B_IRQHandler            
00000e0f  TIMER1A_IRQHandler            
00000e0f  TIMER1B_IRQHandler            
00000e0f  TIMER2A_IRQHandler            
00000e0f  TIMER2B_IRQHandler            
00000e0f  TIMER3A_IRQHandler            
00000e0f  TIMER3B_IRQHandler            
00000e0f  TIMER4A_IRQHandler            
00000e0f  TIMER4B_IRQHandler            
00000e0f  TIMER5A_IRQHandler            
00000e0f  TIMER5B_IRQHandler            
00000e0f  TIMER6A_IRQHandler            
00000e0f  TIMER6B_IRQHandler            
00000e0f  TIMER7A_IRQHandler            
00000e0f  TIMER7B_IRQHandler            
00000e0f  UART0_IRQHandler              
00000e0f  UART1_IRQHandler              
00000e0f  UART2_IRQHandler              
00000e0f  UART3_IRQHandler              
00000e0f  UART4_IRQHandler              
00000e0f  UART5_IRQHandler              
00000e0f  UART6_IRQHandler              
00000e0f  UART7_IRQHandler              
00000e0f  UDMAERR_IRQHandler            
00000e0f  UDMA_IRQHandler               
00000e0f  USB0_IRQHandler               
00000e0f  UsageFault_Handler            
00000e0f  WATCHDOG_IRQHandler           
00000e11  ADC0SS2_IRQHandler            
00000e11  ADC0SS2_IRQHandler            
00000f29  __aeabi_dmul                  
00001025  ADCSequenceStepConfigure      
00001113  __aeabi_memcpy                
00001113  __aeabi_memcpy4               
00001113  __aeabi_memcpy8               
00001113  memcpy                        
000011af  __aeabi_idiv0                 
000011af  __aeabi_ldiv0                 
00001241  Application_Init              
000012cd  ASW_IIR_second_order          
00001355  __aeabi_cdcmpeq               
00001355  __aeabi_cdcmple               
000013db  __aeabi_cdrcmple              
00001461  Initialise_PID                
000014dd  UARTStdioConfig               
00001551  __aeabi_d2f                   
000015c1  ConfigureUART                 
00001629  __TI_decompress_lzss          
00001691  UARTwrite                     
000016ed  ASW_IIR_second_order_init     
00001789  __TI_auto_init_nobinit_nopinit
000017cd  __aeabi_uidiv                 
000017cd  __aeabi_uidivmod              
0000180d  __aeabi_f2d                   
00001845  _c_int00_noargs               
00001879  UARTprintf                    
0000189d  SystemInit                    
000018bd  __aeabi_ui2d                  
000018dd  __TI_zero_init_nomemset       
000018f9  __TI_decompress_none          
00001907  Reset_Handler                 
00001913  _system_pre_init              
00001917  C$$EXIT                       
00001917  abort                         
00001b74  __TI_Handler_Table_Base       
00001b80  __TI_Handler_Table_Limit      
00001b88  __TI_CINIT_Base               
00001b98  __TI_CINIT_Limit              
20000000  __stack                       
20000000  __start___llvm_prf_cnts       
20000000  __stop___llvm_prf_cnts        
20000200  PID_Position_Control          
20000200  __STACK_END                   
20000200  __STACK_TOP                   
20000234  Filter_BP                     
20000258  Filter_Notch                  
2000027c  getADCValue                   
2000028c  bgetConvStatus                
200002a0  SystemCoreClock               
ffffffff  __TI_pprof_out_hndl           
ffffffff  __TI_prof_data_size           
ffffffff  __TI_prof_data_start          
ffffffff  __binit__                     
ffffffff  __c_args__                    
ffffffff  binit                         
UNDEFED   __mpu_init                    
UNDEFED   _system_post_cinit            

[177 symbols]
