******************************************************************************
                  TI ARM Linker PC v20.2.7                     
******************************************************************************
>> Linked Sat Feb 11 00:50:11 2023

OUTPUT FILE NAME:   <adc0_singleended_singlechannel_singleseq_MSP_EXP432E401Y_nortos_ccs.out>
ENTRY POINT SYMBOL: "_c_int00_noargs"  address: 00000d99


MEMORY CONFIGURATION

         name            origin    length      used     unused   attr    fill
----------------------  --------  ---------  --------  --------  ----  --------
  FLASH                 00000000   00100000  00001090  000fef70  R  X
  SRAM                  20000000   00040000  0000020c  0003fdf4  RW X


SEGMENT ALLOCATION MAP

run origin  load origin   length   init length attrs members
----------  ----------- ---------- ----------- ----- -------
00000000    00000000    00001094   00001094    r-x
  00000000    00000000    00000208   00000208    r-- .intvecs
  00000208    00000208    00000c2c   00000c2c    r-x .text
  00000e34    00000e34    00000240   00000240    r-- .const
  00001078    00001078    0000001c   0000001c    r-- .cinit
20000000    20000000    0000020c   00000000    rw-
  20000000    20000000    00000200   00000000    rw- .stack
  20000200    20000200    0000000c   00000000    rw- .data


SECTION ALLOCATION MAP

 output                                  attributes/
section   page    origin      length       input sections
--------  ----  ----------  ----------   ----------------
.intvecs   0    00000000    00000208     
                  00000000    00000208     startup_msp432e401y_ccs.obj (.intvecs:retain)

.text      0    00000208    00000c2c     
                  00000208    0000030c     uartstdio.obj (.text:UARTvprintf)
                  00000514    000002e0     msp432e4_driverlib.a : sysctl.o (.text:SysCtlClockFreqSet)
                  000007f4    00000120     adc0_singleended_singlechannel_singleseq.obj (.text:main)
                  00000914    000000ee     msp432e4_driverlib.a : adc.o (.text:ADCSequenceStepConfigure)
                  00000a02    0000009c     rtsv7M4_T_le_v4SPD16_eabi.lib : memcpy_t2.asm.obj (.text)
                  00000a9e    00000002     startup_msp432e401y_ccs.obj (.text:Default_Handler)
                  00000aa0    00000090     msp432e4_driverlib.a : sysctl.o (.text:_SysCtlFrequencyGet)
                  00000b30    00000074     uartstdio.obj (.text:UARTStdioConfig)
                  00000ba4    00000068     adc0_singleended_singlechannel_singleseq.obj (.text:ConfigureUART)
                  00000c0c    00000068     rtsv7M4_T_le_v4SPD16_eabi.lib : copy_decompress_lzss.c.obj (.text:decompress:lzss:__TI_decompress_lzss)
                  00000c74    0000005c     uartstdio.obj (.text:UARTwrite)
                  00000cd0    00000044     msp432e4_driverlib.a : sysctl.o (.text:_SysCtlMemTimingGet)
                  00000d14    00000044     rtsv7M4_T_le_v4SPD16_eabi.lib : autoinit.c.obj (.text:__TI_auto_init_nobinit_nopinit:__TI_auto_init_nobinit_nopinit)
                  00000d58    00000040                                   : u_divt2.asm.obj (.text)
                  00000d98    00000034                                   : boot_cortex_m.c.obj (.text:_c_int00_noargs:_c_int00_noargs)
                  00000dcc    00000024     uartstdio.obj (.text:UARTprintf)
                  00000df0    00000020     system_msp432e401y.obj (.text:SystemInit)
                  00000e10    0000000e     rtsv7M4_T_le_v4SPD16_eabi.lib : copy_decompress_none.c.obj (.text:decompress:none:__TI_decompress_none)
                  00000e1e    0000000c     startup_msp432e401y_ccs.obj (.text:Reset_Handler)
                  00000e2a    00000004     rtsv7M4_T_le_v4SPD16_eabi.lib : pre_init.c.obj (.text:_system_pre_init)
                  00000e2e    00000004                                   : exit.c.obj (.text:abort:abort)
                  00000e32    00000002                                   : div0.asm.obj (.text)

.const     0    00000e34    00000240     
                  00000e34    000001b0     msp432e4_driverlib.a : sysctl.o (.const:g_pppui32XTALtoVCO)
                  00000fe4    00000030                          : sysctl.o (.const:g_sXTALtoMEMTIM)
                  00001014    00000028                          : sysctl.o (.const:g_pui32Xtals)
                  0000103c    00000012     uartstdio.obj (.const:.string)
                  0000104e    00000002     --HOLE-- [fill = 0]
                  00001050    0000000c     uartstdio.obj (.const:g_ui32UARTBase)
                  0000105c    0000000c     uartstdio.obj (.const:g_ui32UARTPeriph)
                  00001068    00000008     msp432e4_driverlib.a : sysctl.o (.const:g_pui32VCOFrequencies)
                  00001070    00000004     uartstdio.obj (.const)

.cinit     0    00001078    0000001c     
                  00001078    0000000a     (.cinit..data.load) [load image, compression = lzss]
                  00001082    00000002     --HOLE-- [fill = 0]
                  00001084    00000008     (__TI_handler_table)
                  0000108c    00000008     (__TI_cinit_table)

.init_array 
*          0    00000000    00000000     UNINITIALIZED

.data      0    20000200    0000000c     UNINITIALIZED
                  20000200    00000005     uartstdio.obj (.data)
                  20000205    00000003     --HOLE--
                  20000208    00000004     system_msp432e401y.obj (.data)

.stack     0    20000000    00000200     UNINITIALIZED
                  20000000    00000004     rtsv7M4_T_le_v4SPD16_eabi.lib : boot_cortex_m.c.obj (.stack)
                  20000004    000001fc     --HOLE--

__llvm_prf_cnts 
*          0    20000000    00000000     UNINITIALIZED

MODULE SUMMARY

       Module                                         code   ro data   rw data
       ------                                         ----   -------   -------
    .\
       uartstdio.obj                                  1024   46        5      
       adc0_singleended_singlechannel_singleseq.obj   392    0         0      
       system_msp432e401y.obj                         32     0         4      
    +--+----------------------------------------------+------+---------+---------+
       Total:                                         1448   46        9      
                                                                              
    .\ccs\
       startup_msp432e401y_ccs.obj                    14     520       0      
    +--+----------------------------------------------+------+---------+---------+
       Total:                                         14     520       0      
                                                                              
    C:/ti/simplelink_msp432e4_sdk_4_20_00_12/source/ti/devices/msp432e4/driverlib/lib/ccs/m4f/msp432e4_driverlib.a
       sysctl.o                                       948    528       0      
       adc.o                                          238    0         0      
    +--+----------------------------------------------+------+---------+---------+
       Total:                                         1186   528       0      
                                                                              
    C:\ti\ccs1220\ccs\tools\compiler\ti-cgt-arm_20.2.7.LTS\lib\rtsv7M4_T_le_v4SPD16_eabi.lib
       memcpy_t2.asm.obj                              156    0         0      
       copy_decompress_lzss.c.obj                     104    0         0      
       autoinit.c.obj                                 68     0         0      
       u_divt2.asm.obj                                64     0         0      
       boot_cortex_m.c.obj                            52     0         0      
       copy_decompress_none.c.obj                     14     0         0      
       exit.c.obj                                     4      0         0      
       pre_init.c.obj                                 4      0         0      
       div0.asm.obj                                   2      0         0      
    +--+----------------------------------------------+------+---------+---------+
       Total:                                         468    0         0      
                                                                              
       Stack:                                         0      0         512    
       Linker Generated:                              0      26        0      
    +--+----------------------------------------------+------+---------+---------+
       Grand Total:                                   3116   1120      521    


LINKER GENERATED COPY TABLES

__TI_cinit_table @ 0000108c records: 1, size/record: 8, table size: 8
	.data: load addr=00001078, load size=0000000a bytes, run addr=20000200, run size=0000000c bytes, compression=lzss


LINKER GENERATED HANDLER TABLE

__TI_handler_table @ 00001084 records: 2, size/record: 4, table size: 8
	index: 0, handler: __TI_decompress_lzss
	index: 1, handler: __TI_decompress_none


GLOBAL SYMBOLS: SORTED ALPHABETICALLY BY Name 

address   name                          
-------   ----                          
00000a9f  ADC0SS0_IRQHandler            
00000a9f  ADC0SS1_IRQHandler            
00000a9f  ADC0SS2_IRQHandler            
00000a9f  ADC0SS3_IRQHandler            
00000a9f  ADC1SS0_IRQHandler            
00000a9f  ADC1SS1_IRQHandler            
00000a9f  ADC1SS2_IRQHandler            
00000a9f  ADC1SS3_IRQHandler            
00000915  ADCSequenceStepConfigure      
00000a9f  AES0_IRQHandler               
00000a9f  BusFault_Handler              
00000e2f  C$$EXIT                       
00000a9f  CAN0_IRQHandler               
00000a9f  CAN1_IRQHandler               
00000a9f  COMP0_IRQHandler              
00000a9f  COMP1_IRQHandler              
00000a9f  COMP2_IRQHandler              
00000ba5  ConfigureUART                 
00000a9f  DES0_IRQHandler               
00000a9f  DebugMon_Handler              
00000a9f  Default_Handler               
00000a9f  EMAC0_IRQHandler              
00000a9f  EPI0_IRQHandler               
00000a9f  FLASH_IRQHandler              
00000a9f  GPIOA_IRQHandler              
00000a9f  GPIOB_IRQHandler              
00000a9f  GPIOC_IRQHandler              
00000a9f  GPIOD_IRQHandler              
00000a9f  GPIOE_IRQHandler              
00000a9f  GPIOF_IRQHandler              
00000a9f  GPIOG_IRQHandler              
00000a9f  GPIOH_IRQHandler              
00000a9f  GPIOJ_IRQHandler              
00000a9f  GPIOK_IRQHandler              
00000a9f  GPIOL_IRQHandler              
00000a9f  GPIOM_IRQHandler              
00000a9f  GPION_IRQHandler              
00000a9f  GPIOP0_IRQHandler             
00000a9f  GPIOP1_IRQHandler             
00000a9f  GPIOP2_IRQHandler             
00000a9f  GPIOP3_IRQHandler             
00000a9f  GPIOP4_IRQHandler             
00000a9f  GPIOP5_IRQHandler             
00000a9f  GPIOP6_IRQHandler             
00000a9f  GPIOP7_IRQHandler             
00000a9f  GPIOQ0_IRQHandler             
00000a9f  GPIOQ1_IRQHandler             
00000a9f  GPIOQ2_IRQHandler             
00000a9f  GPIOQ3_IRQHandler             
00000a9f  GPIOQ4_IRQHandler             
00000a9f  GPIOQ5_IRQHandler             
00000a9f  GPIOQ6_IRQHandler             
00000a9f  GPIOQ7_IRQHandler             
00000a9f  HIBERNATE_IRQHandler          
00000a9f  HardFault_Handler             
00000a9f  I2C0_IRQHandler               
00000a9f  I2C1_IRQHandler               
00000a9f  I2C2_IRQHandler               
00000a9f  I2C3_IRQHandler               
00000a9f  I2C4_IRQHandler               
00000a9f  I2C5_IRQHandler               
00000a9f  I2C6_IRQHandler               
00000a9f  I2C7_IRQHandler               
00000a9f  I2C8_IRQHandler               
00000a9f  I2C9_IRQHandler               
00000a9f  MemManage_Handler             
00000a9f  NMI_Handler                   
00000a9f  PWM0_0_IRQHandler             
00000a9f  PWM0_1_IRQHandler             
00000a9f  PWM0_2_IRQHandler             
00000a9f  PWM0_3_IRQHandler             
00000a9f  PWM0_FAULT_IRQHandler         
00000a9f  PendSV_Handler                
00000a9f  QEI0_IRQHandler               
00000e1f  Reset_Handler                 
00000a9f  SHA0_IRQHandler               
00000a9f  SSI0_IRQHandler               
00000a9f  SSI1_IRQHandler               
00000a9f  SSI2_IRQHandler               
00000a9f  SSI3_IRQHandler               
00000a9f  SVC_Handler                   
00000a9f  SYSCTL_IRQHandler             
00000a9f  SYSEXC_IRQHandler             
00000515  SysCtlClockFreqSet            
00000a9f  SysTick_Handler               
20000208  SystemCoreClock               
00000df1  SystemInit                    
00000a9f  TAMPER0_IRQHandler            
00000a9f  TIMER0A_IRQHandler            
00000a9f  TIMER0B_IRQHandler            
00000a9f  TIMER1A_IRQHandler            
00000a9f  TIMER1B_IRQHandler            
00000a9f  TIMER2A_IRQHandler            
00000a9f  TIMER2B_IRQHandler            
00000a9f  TIMER3A_IRQHandler            
00000a9f  TIMER3B_IRQHandler            
00000a9f  TIMER4A_IRQHandler            
00000a9f  TIMER4B_IRQHandler            
00000a9f  TIMER5A_IRQHandler            
00000a9f  TIMER5B_IRQHandler            
00000a9f  TIMER6A_IRQHandler            
00000a9f  TIMER6B_IRQHandler            
00000a9f  TIMER7A_IRQHandler            
00000a9f  TIMER7B_IRQHandler            
00000a9f  UART0_IRQHandler              
00000a9f  UART1_IRQHandler              
00000a9f  UART2_IRQHandler              
00000a9f  UART3_IRQHandler              
00000a9f  UART4_IRQHandler              
00000a9f  UART5_IRQHandler              
00000a9f  UART6_IRQHandler              
00000a9f  UART7_IRQHandler              
00000b31  UARTStdioConfig               
00000dcd  UARTprintf                    
00000209  UARTvprintf                   
00000c75  UARTwrite                     
00000a9f  UDMAERR_IRQHandler            
00000a9f  UDMA_IRQHandler               
00000a9f  USB0_IRQHandler               
00000a9f  UsageFault_Handler            
00000a9f  WATCHDOG_IRQHandler           
20000200  __STACK_END                   
00000200  __STACK_SIZE                  
20000200  __STACK_TOP                   
0000108c  __TI_CINIT_Base               
00001094  __TI_CINIT_Limit              
00001084  __TI_Handler_Table_Base       
0000108c  __TI_Handler_Table_Limit      
00000d15  __TI_auto_init_nobinit_nopinit
00000c0d  __TI_decompress_lzss          
00000e11  __TI_decompress_none          
ffffffff  __TI_pprof_out_hndl           
ffffffff  __TI_prof_data_size           
ffffffff  __TI_prof_data_start          
00000000  __TI_static_base__            
00000e33  __aeabi_idiv0                 
00000e33  __aeabi_ldiv0                 
00000a03  __aeabi_memcpy                
00000a03  __aeabi_memcpy4               
00000a03  __aeabi_memcpy8               
00000d59  __aeabi_uidiv                 
00000d59  __aeabi_uidivmod              
ffffffff  __binit__                     
ffffffff  __c_args__                    
UNDEFED   __mpu_init                    
20000000  __stack                       
20000000  __start___llvm_prf_cnts       
20000000  __stop___llvm_prf_cnts        
00000d99  _c_int00_noargs               
UNDEFED   _system_post_cinit            
00000e2b  _system_pre_init              
00000e2f  abort                         
ffffffff  binit                         
00000000  interruptVectors              
000007f5  main                          
00000a03  memcpy                        


GLOBAL SYMBOLS: SORTED BY Symbol Address 

address   name                          
-------   ----                          
00000000  __TI_static_base__            
00000000  interruptVectors              
00000200  __STACK_SIZE                  
00000209  UARTvprintf                   
00000515  SysCtlClockFreqSet            
000007f5  main                          
00000915  ADCSequenceStepConfigure      
00000a03  __aeabi_memcpy                
00000a03  __aeabi_memcpy4               
00000a03  __aeabi_memcpy8               
00000a03  memcpy                        
00000a9f  ADC0SS0_IRQHandler            
00000a9f  ADC0SS1_IRQHandler            
00000a9f  ADC0SS2_IRQHandler            
00000a9f  ADC0SS3_IRQHandler            
00000a9f  ADC1SS0_IRQHandler            
00000a9f  ADC1SS1_IRQHandler            
00000a9f  ADC1SS2_IRQHandler            
00000a9f  ADC1SS3_IRQHandler            
00000a9f  AES0_IRQHandler               
00000a9f  BusFault_Handler              
00000a9f  CAN0_IRQHandler               
00000a9f  CAN1_IRQHandler               
00000a9f  COMP0_IRQHandler              
00000a9f  COMP1_IRQHandler              
00000a9f  COMP2_IRQHandler              
00000a9f  DES0_IRQHandler               
00000a9f  DebugMon_Handler              
00000a9f  Default_Handler               
00000a9f  EMAC0_IRQHandler              
00000a9f  EPI0_IRQHandler               
00000a9f  FLASH_IRQHandler              
00000a9f  GPIOA_IRQHandler              
00000a9f  GPIOB_IRQHandler              
00000a9f  GPIOC_IRQHandler              
00000a9f  GPIOD_IRQHandler              
00000a9f  GPIOE_IRQHandler              
00000a9f  GPIOF_IRQHandler              
00000a9f  GPIOG_IRQHandler              
00000a9f  GPIOH_IRQHandler              
00000a9f  GPIOJ_IRQHandler              
00000a9f  GPIOK_IRQHandler              
00000a9f  GPIOL_IRQHandler              
00000a9f  GPIOM_IRQHandler              
00000a9f  GPION_IRQHandler              
00000a9f  GPIOP0_IRQHandler             
00000a9f  GPIOP1_IRQHandler             
00000a9f  GPIOP2_IRQHandler             
00000a9f  GPIOP3_IRQHandler             
00000a9f  GPIOP4_IRQHandler             
00000a9f  GPIOP5_IRQHandler             
00000a9f  GPIOP6_IRQHandler             
00000a9f  GPIOP7_IRQHandler             
00000a9f  GPIOQ0_IRQHandler             
00000a9f  GPIOQ1_IRQHandler             
00000a9f  GPIOQ2_IRQHandler             
00000a9f  GPIOQ3_IRQHandler             
00000a9f  GPIOQ4_IRQHandler             
00000a9f  GPIOQ5_IRQHandler             
00000a9f  GPIOQ6_IRQHandler             
00000a9f  GPIOQ7_IRQHandler             
00000a9f  HIBERNATE_IRQHandler          
00000a9f  HardFault_Handler             
00000a9f  I2C0_IRQHandler               
00000a9f  I2C1_IRQHandler               
00000a9f  I2C2_IRQHandler               
00000a9f  I2C3_IRQHandler               
00000a9f  I2C4_IRQHandler               
00000a9f  I2C5_IRQHandler               
00000a9f  I2C6_IRQHandler               
00000a9f  I2C7_IRQHandler               
00000a9f  I2C8_IRQHandler               
00000a9f  I2C9_IRQHandler               
00000a9f  MemManage_Handler             
00000a9f  NMI_Handler                   
00000a9f  PWM0_0_IRQHandler             
00000a9f  PWM0_1_IRQHandler             
00000a9f  PWM0_2_IRQHandler             
00000a9f  PWM0_3_IRQHandler             
00000a9f  PWM0_FAULT_IRQHandler         
00000a9f  PendSV_Handler                
00000a9f  QEI0_IRQHandler               
00000a9f  SHA0_IRQHandler               
00000a9f  SSI0_IRQHandler               
00000a9f  SSI1_IRQHandler               
00000a9f  SSI2_IRQHandler               
00000a9f  SSI3_IRQHandler               
00000a9f  SVC_Handler                   
00000a9f  SYSCTL_IRQHandler             
00000a9f  SYSEXC_IRQHandler             
00000a9f  SysTick_Handler               
00000a9f  TAMPER0_IRQHandler            
00000a9f  TIMER0A_IRQHandler            
00000a9f  TIMER0B_IRQHandler            
00000a9f  TIMER1A_IRQHandler            
00000a9f  TIMER1B_IRQHandler            
00000a9f  TIMER2A_IRQHandler            
00000a9f  TIMER2B_IRQHandler            
00000a9f  TIMER3A_IRQHandler            
00000a9f  TIMER3B_IRQHandler            
00000a9f  TIMER4A_IRQHandler            
00000a9f  TIMER4B_IRQHandler            
00000a9f  TIMER5A_IRQHandler            
00000a9f  TIMER5B_IRQHandler            
00000a9f  TIMER6A_IRQHandler            
00000a9f  TIMER6B_IRQHandler            
00000a9f  TIMER7A_IRQHandler            
00000a9f  TIMER7B_IRQHandler            
00000a9f  UART0_IRQHandler              
00000a9f  UART1_IRQHandler              
00000a9f  UART2_IRQHandler              
00000a9f  UART3_IRQHandler              
00000a9f  UART4_IRQHandler              
00000a9f  UART5_IRQHandler              
00000a9f  UART6_IRQHandler              
00000a9f  UART7_IRQHandler              
00000a9f  UDMAERR_IRQHandler            
00000a9f  UDMA_IRQHandler               
00000a9f  USB0_IRQHandler               
00000a9f  UsageFault_Handler            
00000a9f  WATCHDOG_IRQHandler           
00000b31  UARTStdioConfig               
00000ba5  ConfigureUART                 
00000c0d  __TI_decompress_lzss          
00000c75  UARTwrite                     
00000d15  __TI_auto_init_nobinit_nopinit
00000d59  __aeabi_uidiv                 
00000d59  __aeabi_uidivmod              
00000d99  _c_int00_noargs               
00000dcd  UARTprintf                    
00000df1  SystemInit                    
00000e11  __TI_decompress_none          
00000e1f  Reset_Handler                 
00000e2b  _system_pre_init              
00000e2f  C$$EXIT                       
00000e2f  abort                         
00000e33  __aeabi_idiv0                 
00000e33  __aeabi_ldiv0                 
00001084  __TI_Handler_Table_Base       
0000108c  __TI_CINIT_Base               
0000108c  __TI_Handler_Table_Limit      
00001094  __TI_CINIT_Limit              
20000000  __stack                       
20000000  __start___llvm_prf_cnts       
20000000  __stop___llvm_prf_cnts        
20000200  __STACK_END                   
20000200  __STACK_TOP                   
20000208  SystemCoreClock               
ffffffff  __TI_pprof_out_hndl           
ffffffff  __TI_prof_data_size           
ffffffff  __TI_prof_data_start          
ffffffff  __binit__                     
ffffffff  __c_args__                    
ffffffff  binit                         
UNDEFED   __mpu_init                    
UNDEFED   _system_post_cinit            

[156 symbols]
