******************************************************************************
                  TI ARM Linker PC v20.2.7                     
******************************************************************************
>> Linked Thu May 11 21:02:48 2023

OUTPUT FILE NAME:   <Avishkar_Hyperloop_3DOF.out>
ENTRY POINT SYMBOL: "_c_int00_noargs"  address: 000018a1


MEMORY CONFIGURATION

         name            origin    length      used     unused   attr    fill
----------------------  --------  ---------  --------  --------  ----  --------
  FLASH                 00000000   00100000  00001bb2  000fe44e  R  X
  SRAM                  20000000   00040000  00000328  0003fcd8  RW X


SEGMENT ALLOCATION MAP

run origin  load origin   length   init length attrs members
----------  ----------- ---------- ----------- ----- -------
00000000    00000000    00001bb8   00001bb8    r-x
  00000000    00000000    00000208   00000208    r-- .intvecs
  00000208    00000208    0000174a   0000174a    r-x .text
  00001954    00001954    00000228   00000228    r-- .const
  00001b80    00001b80    00000038   00000038    r-- .cinit
20000000    20000000    00000328   00000000    rw-
  20000000    20000000    00000200   00000000    rw- .stack
  20000200    20000200    00000108   00000000    rw- .bss
  20000308    20000308    00000020   00000000    rw- .data


SECTION ALLOCATION MAP

 output                                  attributes/
section   page    origin      length       input sections
--------  ----  ----------  ----------   ----------------
.intvecs   0    00000000    00000208     
                  00000000    00000208     startup_msp432e401y_ccs.obj (.intvecs:retain)

.text      0    00000208    0000174a     
                  00000208    000002e0     msp432e4_driverlib.a : sysctl.o (.text:SysCtlClockFreqSet)
                  000004e8    000002c4     Avishkar_Hyperloop_3DOF.obj (.text:main)
                  000007ac    000001b6     rtsv7M4_T_le_v4SPD16_eabi.lib : fd_add_t2.asm.obj (.text)
                  00000962    00000002     startup_msp432e401y_ccs.obj (.text:Default_Handler)
                  00000964    000001a4     PID_controller.obj (.text:PID_Control)
                  00000b08    00000178     Avishkar_Hyperloop_3DOF.obj (.text:ADC0SS2_IRQHandler)
                  00000c80    00000164     Control_Loop_1.obj (.text:Control_Loop_1)
                  00000de4    00000164     Control_Loop_2.obj (.text:Control_Loop_2)
                  00000f48    0000013c     Application_Init.obj (.text:Application_Init)
                  00001084    00000136     rtsv7M4_T_le_v4SPD16_eabi.lib : fd_div_t2.asm.obj (.text)
                  000011ba    000000fc                                   : fd_mul_t2.asm.obj (.text)
                  000012b6    000000ee     msp432e4_driverlib.a : adc.o (.text:ADCSequenceStepConfigure)
                  000013a4    0000009c     rtsv7M4_T_le_v4SPD16_eabi.lib : memcpy_t2.asm.obj (.text)
                  00001440    00000090     msp432e4_driverlib.a : sysctl.o (.text:_SysCtlFrequencyGet)
                  000014d0    00000086     rtsv7M4_T_le_v4SPD16_eabi.lib : fd_cmp_t2.asm.obj (.text:__aeabi_cdcmple)
                  00001556    00000002     --HOLE-- [fill = 0]
                  00001558    0000007c     PID_controller.obj (.text:Initialise_PID)
                  000015d4    00000074     uartstdio.obj (.text:UARTStdioConfig)
                  00001648    0000006e     rtsv7M4_T_le_v4SPD16_eabi.lib : fd_tos_t2.asm.obj (.text)
                  000016b6    00000002     --HOLE-- [fill = 0]
                  000016b8    00000068     Avishkar_Hyperloop_3DOF.obj (.text:ConfigureUART)
                  00001720    00000068     rtsv7M4_T_le_v4SPD16_eabi.lib : copy_decompress_lzss.c.obj (.text:decompress:lzss:__TI_decompress_lzss)
                  00001788    00000058     Filter.obj (.text:ASW_IIR_second_order_init)
                  000017e0    00000044     msp432e4_driverlib.a : sysctl.o (.text:_SysCtlMemTimingGet)
                  00001824    00000044     rtsv7M4_T_le_v4SPD16_eabi.lib : autoinit.c.obj (.text:__TI_auto_init_nobinit_nopinit:__TI_auto_init_nobinit_nopinit)
                  00001868    00000038                                   : fs_tod_t2.asm.obj (.text)
                  000018a0    00000034                                   : boot_cortex_m.c.obj (.text:_c_int00_noargs:_c_int00_noargs)
                  000018d4    00000020     system_msp432e401y.obj (.text:SystemInit)
                  000018f4    00000020     rtsv7M4_T_le_v4SPD16_eabi.lib : u_tofd_t2.asm.obj (.text)
                  00001914    0000001c                                   : copy_zero_init.c.obj (.text:decompress:ZI:__TI_zero_init_nomemset:__TI_zero_init_nomemset)
                  00001930    0000000e                                   : copy_decompress_none.c.obj (.text:decompress:none:__TI_decompress_none)
                  0000193e    0000000c     startup_msp432e401y_ccs.obj (.text:Reset_Handler)
                  0000194a    00000004     rtsv7M4_T_le_v4SPD16_eabi.lib : pre_init.c.obj (.text:_system_pre_init)
                  0000194e    00000004                                   : exit.c.obj (.text:abort:abort)

.const     0    00001954    00000228     
                  00001954    000001b0     msp432e4_driverlib.a : sysctl.o (.const:g_pppui32XTALtoVCO)
                  00001b04    00000030                          : sysctl.o (.const:g_sXTALtoMEMTIM)
                  00001b34    00000028                          : sysctl.o (.const:g_pui32Xtals)
                  00001b5c    0000000c     uartstdio.obj (.const:g_ui32UARTBase)
                  00001b68    0000000c     uartstdio.obj (.const:g_ui32UARTPeriph)
                  00001b74    00000008     msp432e4_driverlib.a : sysctl.o (.const:g_pui32VCOFrequencies)

.cinit     0    00001b80    00000038     
                  00001b80    00000014     (.cinit..data.load) [load image, compression = lzss]
                  00001b94    0000000c     (__TI_handler_table)
                  00001ba0    00000008     (.cinit..bss.load) [load image, compression = zero_init]
                  00001ba8    00000010     (__TI_cinit_table)

.init_array 
*          0    00000000    00000000     UNINITIALIZED

.bss       0    20000200    00000108     UNINITIALIZED
                  20000200    00000034     (.common:PID_Position_Control_1)
                  20000234    00000034     (.common:PID_Position_Control_2)
                  20000268    00000024     (.common:Filter_BP_1)
                  2000028c    00000024     (.common:Filter_BP_2)
                  200002b0    00000024     (.common:Filter_Notch_1)
                  200002d4    00000024     (.common:Filter_Notch_2)
                  200002f8    00000010     (.common:getADCValue)

.data      0    20000308    00000020     UNINITIALIZED
                  20000308    0000000c     Avishkar_Hyperloop_3DOF.obj (.data)
                  20000314    00000005     uartstdio.obj (.data)
                  20000319    00000003     --HOLE--
                  2000031c    00000004     Control_Loop_1.obj (.data)
                  20000320    00000004     Control_Loop_2.obj (.data)
                  20000324    00000004     system_msp432e401y.obj (.data)

.stack     0    20000000    00000200     UNINITIALIZED
                  20000000    00000004     rtsv7M4_T_le_v4SPD16_eabi.lib : boot_cortex_m.c.obj (.stack)
                  20000004    000001fc     --HOLE--

__llvm_prf_cnts 
*          0    20000000    00000000     UNINITIALIZED

MODULE SUMMARY

       Module                        code   ro data   rw data
       ------                        ----   -------   -------
    .\
       Avishkar_Hyperloop_3DOF.obj   1188   0         28     
       uartstdio.obj                 116    24        5      
       system_msp432e401y.obj        32     0         4      
    +--+-----------------------------+------+---------+---------+
       Total:                        1336   24        37     
                                                             
    .\Control\
       PID_controller.obj            544    0         104    
       Control_Loop_1.obj            356    0         4      
       Control_Loop_2.obj            356    0         4      
       Application_Init.obj          316    0         0      
       Filter.obj                    88     0         144    
    +--+-----------------------------+------+---------+---------+
       Total:                        1660   0         256    
                                                             
    .\ccs\
       startup_msp432e401y_ccs.obj   14     520       0      
    +--+-----------------------------+------+---------+---------+
       Total:                        14     520       0      
                                                             
    C:/ti/simplelink_msp432e4_sdk_4_20_00_12/source/ti/devices/msp432e4/driverlib/lib/ccs/m4f/msp432e4_driverlib.a
       sysctl.o                      948    528       0      
       adc.o                         238    0         0      
    +--+-----------------------------+------+---------+---------+
       Total:                        1186   528       0      
                                                             
    C:\ti\ccs1220\ccs\tools\compiler\ti-cgt-arm_20.2.7.LTS\lib\rtsv7M4_T_le_v4SPD16_eabi.lib
       fd_add_t2.asm.obj             438    0         0      
       fd_div_t2.asm.obj             310    0         0      
       fd_mul_t2.asm.obj             252    0         0      
       memcpy_t2.asm.obj             156    0         0      
       fd_cmp_t2.asm.obj             134    0         0      
       fd_tos_t2.asm.obj             110    0         0      
       copy_decompress_lzss.c.obj    104    0         0      
       autoinit.c.obj                68     0         0      
       fs_tod_t2.asm.obj             56     0         0      
       boot_cortex_m.c.obj           52     0         0      
       u_tofd_t2.asm.obj             32     0         0      
       copy_zero_init.c.obj          28     0         0      
       copy_decompress_none.c.obj    14     0         0      
       exit.c.obj                    4      0         0      
       pre_init.c.obj                4      0         0      
    +--+-----------------------------+------+---------+---------+
       Total:                        1762   0         0      
                                                             
       Stack:                        0      0         512    
       Linker Generated:             0      56        0      
    +--+-----------------------------+------+---------+---------+
       Grand Total:                  5958   1128      805    


LINKER GENERATED COPY TABLES

__TI_cinit_table @ 00001ba8 records: 2, size/record: 8, table size: 16
	.data: load addr=00001b80, load size=00000014 bytes, run addr=20000308, run size=00000020 bytes, compression=lzss
	.bss: load addr=00001ba0, load size=00000008 bytes, run addr=20000200, run size=00000108 bytes, compression=zero_init


LINKER GENERATED HANDLER TABLE

__TI_handler_table @ 00001b94 records: 3, size/record: 4, table size: 12
	index: 0, handler: __TI_decompress_lzss
	index: 1, handler: __TI_decompress_none
	index: 2, handler: __TI_zero_init


GLOBAL SYMBOLS: SORTED ALPHABETICALLY BY Name 

address   name                          
-------   ----                          
00000963  ADC0SS0_IRQHandler            
00000963  ADC0SS1_IRQHandler            
00000b09  ADC0SS2_IRQHandler            
00000b09  ADC0SS2_IRQHandler            
00000963  ADC0SS3_IRQHandler            
00000963  ADC1SS0_IRQHandler            
00000963  ADC1SS1_IRQHandler            
00000963  ADC1SS2_IRQHandler            
00000963  ADC1SS3_IRQHandler            
000012b7  ADCSequenceStepConfigure      
00000963  AES0_IRQHandler               
00001789  ASW_IIR_second_order_init     
00000f49  Application_Init              
00000963  BusFault_Handler              
0000194f  C$$EXIT                       
00000963  CAN0_IRQHandler               
00000963  CAN1_IRQHandler               
00000963  COMP0_IRQHandler              
00000963  COMP1_IRQHandler              
00000963  COMP2_IRQHandler              
000016b9  ConfigureUART                 
00000c81  Control_Loop_1                
00000de5  Control_Loop_2                
00000963  DES0_IRQHandler               
00000963  DebugMon_Handler              
00000963  Default_Handler               
00000963  EMAC0_IRQHandler              
00000963  EPI0_IRQHandler               
00000963  FLASH_IRQHandler              
20000268  Filter_BP_1                   
2000028c  Filter_BP_2                   
200002b0  Filter_Notch_1                
200002d4  Filter_Notch_2                
00000963  GPIOA_IRQHandler              
00000963  GPIOB_IRQHandler              
00000963  GPIOC_IRQHandler              
00000963  GPIOD_IRQHandler              
00000963  GPIOE_IRQHandler              
00000963  GPIOF_IRQHandler              
00000963  GPIOG_IRQHandler              
00000963  GPIOH_IRQHandler              
00000963  GPIOJ_IRQHandler              
00000963  GPIOK_IRQHandler              
00000963  GPIOL_IRQHandler              
00000963  GPIOM_IRQHandler              
00000963  GPION_IRQHandler              
00000963  GPIOP0_IRQHandler             
00000963  GPIOP1_IRQHandler             
00000963  GPIOP2_IRQHandler             
00000963  GPIOP3_IRQHandler             
00000963  GPIOP4_IRQHandler             
00000963  GPIOP5_IRQHandler             
00000963  GPIOP6_IRQHandler             
00000963  GPIOP7_IRQHandler             
00000963  GPIOQ0_IRQHandler             
00000963  GPIOQ1_IRQHandler             
00000963  GPIOQ2_IRQHandler             
00000963  GPIOQ3_IRQHandler             
00000963  GPIOQ4_IRQHandler             
00000963  GPIOQ5_IRQHandler             
00000963  GPIOQ6_IRQHandler             
00000963  GPIOQ7_IRQHandler             
00000963  HIBERNATE_IRQHandler          
00000963  HardFault_Handler             
00000963  I2C0_IRQHandler               
00000963  I2C1_IRQHandler               
00000963  I2C2_IRQHandler               
00000963  I2C3_IRQHandler               
00000963  I2C4_IRQHandler               
00000963  I2C5_IRQHandler               
00000963  I2C6_IRQHandler               
00000963  I2C7_IRQHandler               
00000963  I2C8_IRQHandler               
00000963  I2C9_IRQHandler               
00001559  Initialise_PID                
00000963  MemManage_Handler             
00000963  NMI_Handler                   
00000965  PID_Control                   
20000200  PID_Position_Control_1        
20000234  PID_Position_Control_2        
00000963  PWM0_0_IRQHandler             
00000963  PWM0_1_IRQHandler             
00000963  PWM0_2_IRQHandler             
00000963  PWM0_3_IRQHandler             
00000963  PWM0_FAULT_IRQHandler         
00000963  PendSV_Handler                
00000963  QEI0_IRQHandler               
0000193f  Reset_Handler                 
00000963  SHA0_IRQHandler               
00000963  SSI0_IRQHandler               
00000963  SSI1_IRQHandler               
00000963  SSI2_IRQHandler               
00000963  SSI3_IRQHandler               
00000963  SVC_Handler                   
00000963  SYSCTL_IRQHandler             
00000963  SYSEXC_IRQHandler             
00000209  SysCtlClockFreqSet            
00000963  SysTick_Handler               
20000324  SystemCoreClock               
000018d5  SystemInit                    
00000963  TAMPER0_IRQHandler            
00000963  TIMER0A_IRQHandler            
00000963  TIMER0B_IRQHandler            
00000963  TIMER1A_IRQHandler            
00000963  TIMER1B_IRQHandler            
00000963  TIMER2A_IRQHandler            
00000963  TIMER2B_IRQHandler            
00000963  TIMER3A_IRQHandler            
00000963  TIMER3B_IRQHandler            
00000963  TIMER4A_IRQHandler            
00000963  TIMER4B_IRQHandler            
00000963  TIMER5A_IRQHandler            
00000963  TIMER5B_IRQHandler            
00000963  TIMER6A_IRQHandler            
00000963  TIMER6B_IRQHandler            
00000963  TIMER7A_IRQHandler            
00000963  TIMER7B_IRQHandler            
00000963  UART0_IRQHandler              
00000963  UART1_IRQHandler              
00000963  UART2_IRQHandler              
00000963  UART3_IRQHandler              
00000963  UART4_IRQHandler              
00000963  UART5_IRQHandler              
00000963  UART6_IRQHandler              
00000963  UART7_IRQHandler              
000015d5  UARTStdioConfig               
00000963  UDMAERR_IRQHandler            
00000963  UDMA_IRQHandler               
00000963  USB0_IRQHandler               
00000963  UsageFault_Handler            
00000963  WATCHDOG_IRQHandler           
20000200  __STACK_END                   
00000200  __STACK_SIZE                  
20000200  __STACK_TOP                   
00001ba8  __TI_CINIT_Base               
00001bb8  __TI_CINIT_Limit              
00001b94  __TI_Handler_Table_Base       
00001ba0  __TI_Handler_Table_Limit      
00001825  __TI_auto_init_nobinit_nopinit
00001721  __TI_decompress_lzss          
00001931  __TI_decompress_none          
ffffffff  __TI_pprof_out_hndl           
ffffffff  __TI_prof_data_size           
ffffffff  __TI_prof_data_start          
00000000  __TI_static_base__            
00001915  __TI_zero_init_nomemset       
000014d1  __aeabi_cdcmpeq               
000014d1  __aeabi_cdcmple               
00001649  __aeabi_d2f                   
000007b7  __aeabi_dadd                  
00001085  __aeabi_ddiv                  
000011bb  __aeabi_dmul                  
000007ad  __aeabi_dsub                  
00001869  __aeabi_f2d                   
000013a5  __aeabi_memcpy                
000013a5  __aeabi_memcpy4               
000013a5  __aeabi_memcpy8               
000018f5  __aeabi_ui2d                  
ffffffff  __binit__                     
ffffffff  __c_args__                    
UNDEFED   __mpu_init                    
20000000  __stack                       
20000000  __start___llvm_prf_cnts       
20000000  __stop___llvm_prf_cnts        
000018a1  _c_int00_noargs               
UNDEFED   _system_post_cinit            
0000194b  _system_pre_init              
0000194f  abort                         
20000308  bgetConvStatus                
ffffffff  binit                         
200002f8  getADCValue                   
00000000  interruptVectors              
000004e9  main                          
000013a5  memcpy                        


GLOBAL SYMBOLS: SORTED BY Symbol Address 

address   name                          
-------   ----                          
00000000  __TI_static_base__            
00000000  interruptVectors              
00000200  __STACK_SIZE                  
00000209  SysCtlClockFreqSet            
000004e9  main                          
000007ad  __aeabi_dsub                  
000007b7  __aeabi_dadd                  
00000963  ADC0SS0_IRQHandler            
00000963  ADC0SS1_IRQHandler            
00000963  ADC0SS3_IRQHandler            
00000963  ADC1SS0_IRQHandler            
00000963  ADC1SS1_IRQHandler            
00000963  ADC1SS2_IRQHandler            
00000963  ADC1SS3_IRQHandler            
00000963  AES0_IRQHandler               
00000963  BusFault_Handler              
00000963  CAN0_IRQHandler               
00000963  CAN1_IRQHandler               
00000963  COMP0_IRQHandler              
00000963  COMP1_IRQHandler              
00000963  COMP2_IRQHandler              
00000963  DES0_IRQHandler               
00000963  DebugMon_Handler              
00000963  Default_Handler               
00000963  EMAC0_IRQHandler              
00000963  EPI0_IRQHandler               
00000963  FLASH_IRQHandler              
00000963  GPIOA_IRQHandler              
00000963  GPIOB_IRQHandler              
00000963  GPIOC_IRQHandler              
00000963  GPIOD_IRQHandler              
00000963  GPIOE_IRQHandler              
00000963  GPIOF_IRQHandler              
00000963  GPIOG_IRQHandler              
00000963  GPIOH_IRQHandler              
00000963  GPIOJ_IRQHandler              
00000963  GPIOK_IRQHandler              
00000963  GPIOL_IRQHandler              
00000963  GPIOM_IRQHandler              
00000963  GPION_IRQHandler              
00000963  GPIOP0_IRQHandler             
00000963  GPIOP1_IRQHandler             
00000963  GPIOP2_IRQHandler             
00000963  GPIOP3_IRQHandler             
00000963  GPIOP4_IRQHandler             
00000963  GPIOP5_IRQHandler             
00000963  GPIOP6_IRQHandler             
00000963  GPIOP7_IRQHandler             
00000963  GPIOQ0_IRQHandler             
00000963  GPIOQ1_IRQHandler             
00000963  GPIOQ2_IRQHandler             
00000963  GPIOQ3_IRQHandler             
00000963  GPIOQ4_IRQHandler             
00000963  GPIOQ5_IRQHandler             
00000963  GPIOQ6_IRQHandler             
00000963  GPIOQ7_IRQHandler             
00000963  HIBERNATE_IRQHandler          
00000963  HardFault_Handler             
00000963  I2C0_IRQHandler               
00000963  I2C1_IRQHandler               
00000963  I2C2_IRQHandler               
00000963  I2C3_IRQHandler               
00000963  I2C4_IRQHandler               
00000963  I2C5_IRQHandler               
00000963  I2C6_IRQHandler               
00000963  I2C7_IRQHandler               
00000963  I2C8_IRQHandler               
00000963  I2C9_IRQHandler               
00000963  MemManage_Handler             
00000963  NMI_Handler                   
00000963  PWM0_0_IRQHandler             
00000963  PWM0_1_IRQHandler             
00000963  PWM0_2_IRQHandler             
00000963  PWM0_3_IRQHandler             
00000963  PWM0_FAULT_IRQHandler         
00000963  PendSV_Handler                
00000963  QEI0_IRQHandler               
00000963  SHA0_IRQHandler               
00000963  SSI0_IRQHandler               
00000963  SSI1_IRQHandler               
00000963  SSI2_IRQHandler               
00000963  SSI3_IRQHandler               
00000963  SVC_Handler                   
00000963  SYSCTL_IRQHandler             
00000963  SYSEXC_IRQHandler             
00000963  SysTick_Handler               
00000963  TAMPER0_IRQHandler            
00000963  TIMER0A_IRQHandler            
00000963  TIMER0B_IRQHandler            
00000963  TIMER1A_IRQHandler            
00000963  TIMER1B_IRQHandler            
00000963  TIMER2A_IRQHandler            
00000963  TIMER2B_IRQHandler            
00000963  TIMER3A_IRQHandler            
00000963  TIMER3B_IRQHandler            
00000963  TIMER4A_IRQHandler            
00000963  TIMER4B_IRQHandler            
00000963  TIMER5A_IRQHandler            
00000963  TIMER5B_IRQHandler            
00000963  TIMER6A_IRQHandler            
00000963  TIMER6B_IRQHandler            
00000963  TIMER7A_IRQHandler            
00000963  TIMER7B_IRQHandler            
00000963  UART0_IRQHandler              
00000963  UART1_IRQHandler              
00000963  UART2_IRQHandler              
00000963  UART3_IRQHandler              
00000963  UART4_IRQHandler              
00000963  UART5_IRQHandler              
00000963  UART6_IRQHandler              
00000963  UART7_IRQHandler              
00000963  UDMAERR_IRQHandler            
00000963  UDMA_IRQHandler               
00000963  USB0_IRQHandler               
00000963  UsageFault_Handler            
00000963  WATCHDOG_IRQHandler           
00000965  PID_Control                   
00000b09  ADC0SS2_IRQHandler            
00000b09  ADC0SS2_IRQHandler            
00000c81  Control_Loop_1                
00000de5  Control_Loop_2                
00000f49  Application_Init              
00001085  __aeabi_ddiv                  
000011bb  __aeabi_dmul                  
000012b7  ADCSequenceStepConfigure      
000013a5  __aeabi_memcpy                
000013a5  __aeabi_memcpy4               
000013a5  __aeabi_memcpy8               
000013a5  memcpy                        
000014d1  __aeabi_cdcmpeq               
000014d1  __aeabi_cdcmple               
00001559  Initialise_PID                
000015d5  UARTStdioConfig               
00001649  __aeabi_d2f                   
000016b9  ConfigureUART                 
00001721  __TI_decompress_lzss          
00001789  ASW_IIR_second_order_init     
00001825  __TI_auto_init_nobinit_nopinit
00001869  __aeabi_f2d                   
000018a1  _c_int00_noargs               
000018d5  SystemInit                    
000018f5  __aeabi_ui2d                  
00001915  __TI_zero_init_nomemset       
00001931  __TI_decompress_none          
0000193f  Reset_Handler                 
0000194b  _system_pre_init              
0000194f  C$$EXIT                       
0000194f  abort                         
00001b94  __TI_Handler_Table_Base       
00001ba0  __TI_Handler_Table_Limit      
00001ba8  __TI_CINIT_Base               
00001bb8  __TI_CINIT_Limit              
20000000  __stack                       
20000000  __start___llvm_prf_cnts       
20000000  __stop___llvm_prf_cnts        
20000200  PID_Position_Control_1        
20000200  __STACK_END                   
20000200  __STACK_TOP                   
20000234  PID_Position_Control_2        
20000268  Filter_BP_1                   
2000028c  Filter_BP_2                   
200002b0  Filter_Notch_1                
200002d4  Filter_Notch_2                
200002f8  getADCValue                   
20000308  bgetConvStatus                
20000324  SystemCoreClock               
ffffffff  __TI_pprof_out_hndl           
ffffffff  __TI_prof_data_size           
ffffffff  __TI_prof_data_start          
ffffffff  __binit__                     
ffffffff  __c_args__                    
ffffffff  binit                         
UNDEFED   __mpu_init                    
UNDEFED   _system_post_cinit            

[174 symbols]
